

================================================================
== Vivado HLS Report for 'poly'
================================================================
* Date:           Mon Mar 23 19:42:08 2015

* Version:        2013.4 (build date: Mon Dec 09 17:07:59 PM 2013)
* Project:        poly_proj
* Solution:       solution_poly
* Product family: virtex7 virtex7_fpv6 
* Target device:  xc7v585tffg1761-2


================================================================
== Performance Estimates
================================================================
+ Timing (ns): 
    * Summary: 
    +---------+-------+----------+------------+
    |  Clock  | Target| Estimated| Uncertainty|
    +---------+-------+----------+------------+
    |default  |  10.00|      7.43|        1.25|
    +---------+-------+----------+------------+

+ Latency (clock cycles): 
    * Summary: 
    +-----+-----+-----+-----+---------+
    |  Latency  |  Interval | Pipeline|
    | min | max | min | max |   Type  |
    +-----+-----+-----+-----+---------+
    |    1|    1|    2|    2|   none  |
    +-----+-----+-----+-----+---------+

    + Detail: 
        * Instance: 
        N/A

        * Loop: 
        N/A



================================================================
== Utilization Estimates
================================================================
* Summary: 
+-----------------+---------+-------+--------+--------+
|       Name      | BRAM_18K| DSP48E|   FF   |   LUT  |
+-----------------+---------+-------+--------+--------+
|Expression       |        -|      1|       0|      24|
|FIFO             |        -|      -|       -|       -|
|Instance         |        -|      -|       -|       -|
|Memory           |        -|      -|       -|       -|
|Multiplexer      |        -|      -|       -|       -|
|Register         |        -|      -|       9|       -|
|ShiftMemory      |        -|      -|       -|       -|
+-----------------+---------+-------+--------+--------+
|Total            |        0|      1|       9|      24|
+-----------------+---------+-------+--------+--------+
|Available        |     1590|   1260|  728400|  364200|
+-----------------+---------+-------+--------+--------+
|Utilization (%)  |        0|   ~0  |   ~0   |   ~0   |
+-----------------+---------+-------+--------+--------+

+ Detail: 
    * Instance: 
    N/A

    * Memory: 
    N/A

    * FIFO: 
    N/A

    * Shift register: 
    N/A

    * Expression: 
    +----------------+----------+-------+---+----+------------+------------+
    |  Variable Name | Operation| DSP48E| FF| LUT| Bitwidth P0| Bitwidth P1|
    +----------------+----------+-------+---+----+------------+------------+
    |tmp1_fu_50_p2   |     *    |      1|  0|   0|           8|           8|
    |tmp1_fu_50_p0   |     +    |      0|  0|   8|           8|           2|
    |y               |     +    |      0|  0|   8|           8|           1|
    |tmp_1_fu_38_p2  |     -    |      0|  0|   8|           8|           8|
    +----------------+----------+-------+---+----+------------+------------+
    |Total           |          |      1|  0|  24|          32|          19|
    +----------------+----------+-------+---+----+------------+------------+

    * Multiplexer: 
    N/A

    * Register: 
    +-------------+---+-----+-----------+
    |     Name    | FF| Bits| Const Bits|
    +-------------+---+-----+-----------+
    |ap_CS_fsm    |  1|    1|          0|
    |tmp1_reg_62  |  8|    8|          0|
    +-------------+---+-----+-----------+
    |Total        |  9|    9|          0|
    +-------------+---+-----+-----------+



================================================================
== Interface
================================================================
* Summary: 
+----------+-----+-----+------------+--------------+--------------+
| RTL Ports| Dir | Bits|  Protocol  | Source Object|    C Type    |
+----------+-----+-----+------------+--------------+--------------+
|ap_clk    |  in |    1| ap_ctrl_hs |     poly     | return value |
|ap_rst    |  in |    1| ap_ctrl_hs |     poly     | return value |
|ap_start  |  in |    1| ap_ctrl_hs |     poly     | return value |
|ap_done   | out |    1| ap_ctrl_hs |     poly     | return value |
|ap_idle   | out |    1| ap_ctrl_hs |     poly     | return value |
|ap_ready  | out |    1| ap_ctrl_hs |     poly     | return value |
|x         |  in |    8|   ap_none  |       x      |    scalar    |
|y         | out |    8|   ap_vld   |       y      |    pointer   |
|y_ap_vld  | out |    1|   ap_vld   |       y      |    pointer   |
+----------+-----+-----+------------+--------------+--------------+

