Report time       : Mon Mar 23 19:42:11 SGT 2015.
Simulation tool   : modelsim.

+----------+----------+-----------------------------------------------+-----------------------------------------------+
|          |          |                    Latency                    |                    Interval                   |
+   RTL    +  Status  +-----------------------------------------------+-----------------------------------------------+
|          |          |      min      |      avg      |      max      |      min      |      avg      |      max      |
+----------+----------+-----------------------------------------------+-----------------------------------------------+
|      VHDL|        NA|             NA|             NA|             NA|             NA|             NA|             NA|
|   Verilog|      Pass|              1|              1|              1|              2|              2|              2|
|   SystemC|        NA|             NA|             NA|             NA|             NA|             NA|             NA|
+----------+----------+-----------------------------------------------+-----------------------------------------------+
